var b;
var a;
var e;
a := 25;
lire b;
ecrire a * b;
e := b + 6;
ecrire e;

