Erreur : variable a :
         La variable n'est pas déclarée.
