Erreur : variable b : 
	 La variable n'a pas de valeur assignée.
	 La variable n'est pas utilisée.
