Erreur : variable b : 
	 La variable n'a pas de valeur assignÃ©e.
