Erreur : variable b : 
	 La variable n'est pas utilisÃ©e.
