Pas de fichier .lt en entrÃ©e. Lecture de l'entrÃ©e standard