Erreur syntaxique (1:7) symbole , ou ; attendu
Erreur syntaxique (3:13) symbole , ou ; attendu
Erreur syntaxique (8:4) operateur := attendu

